select 0::bigint::timestamp9;
             timestamp9              
-------------------------------------
 1970-01-01 01:00:00.000000000 +0100
(1 row)

select 9223372036854775807::timestamp9;
             timestamp9              
-------------------------------------
 2262-04-12 01:47:16.854775807 +0200
(1 row)

select '2019-09-19 08:30:05.123456789 +0200'::timestamp9;
             timestamp9              
-------------------------------------
 2019-09-19 08:30:05.123456789 +0200
(1 row)

select '2019-09-19 08:30:05.123456789-0200'::timestamp9;
             timestamp9              
-------------------------------------
 2019-09-19 12:30:05.123456789 +0200
(1 row)

select '2019-09-19 08:30:05.123456789+02:00'::timestamp9;
             timestamp9              
-------------------------------------
 2019-09-19 08:30:05.123456789 +0200
(1 row)

select '2019-09-19 08:30:05.123456789 -02:00'::timestamp9;
             timestamp9              
-------------------------------------
 2019-09-19 12:30:05.123456789 +0200
(1 row)

select '2019-09-19 08:30:05'::timestamp9;
             timestamp9              
-------------------------------------
 2019-09-19 17:30:05.000000000 +0200
(1 row)

select '2019-09-19'::timestamp9 < '2019-09-20'::timestamp9, greatest('2020-06-06'::timestamp9, '2019-01-01'::timestamp9);
 ?column? |              greatest               
----------+-------------------------------------
 t        | 2020-06-06 09:00:00.000000000 +0200
(1 row)

select '2019-09-19 23:00:00.123456789 +0200'::timestamp9 + interval '1d';
              ?column?               
-------------------------------------
 2019-09-20 23:00:00.123456789 +0200
(1 row)

